<?xml version="1.0" encoding="UTF-8"?>
<testsuites>
  <testsuite name="Omersia\Core\Tests\Feature\ShopControllerTest" file="/var/www/html/packages/Core/tests/Feature/ShopControllerTest.php" tests="14" assertions="32" errors="0" failures="0" skipped="0" time="1.079572">
    <testcase name="it_shows_create_form_when_no_shop_exists" file="/var/www/html/packages/Core/tests/Feature/ShopControllerTest.php" line="39" class="Omersia\Core\Tests\Feature\ShopControllerTest" classname="Omersia.Core.Tests.Feature.ShopControllerTest" assertions="2" time="0.458269"/>
    <testcase name="it_redirects_to_dashboard_when_shop_already_exists" file="/var/www/html/packages/Core/tests/Feature/ShopControllerTest.php" line="50" class="Omersia\Core\Tests\Feature\ShopControllerTest" classname="Omersia.Core.Tests.Feature.ShopControllerTest" assertions="2" time="0.063234"/>
    <testcase name="it_can_store_new_shop" file="/var/www/html/packages/Core/tests/Feature/ShopControllerTest.php" line="61" class="Omersia\Core\Tests\Feature\ShopControllerTest" classname="Omersia.Core.Tests.Feature.ShopControllerTest" assertions="4" time="0.051999"/>
    <testcase name="it_creates_primary_domain_when_storing_shop" file="/var/www/html/packages/Core/tests/Feature/ShopControllerTest.php" line="82" class="Omersia\Core\Tests\Feature\ShopControllerTest" classname="Omersia.Core.Tests.Feature.ShopControllerTest" assertions="1" time="0.068551"/>
    <testcase name="it_validates_required_fields" file="/var/www/html/packages/Core/tests/Feature/ShopControllerTest.php" line="102" class="Omersia\Core\Tests\Feature\ShopControllerTest" classname="Omersia.Core.Tests.Feature.ShopControllerTest" assertions="4" time="0.036855"/>
    <testcase name="it_validates_name_is_string" file="/var/www/html/packages/Core/tests/Feature/ShopControllerTest.php" line="112" class="Omersia\Core\Tests\Feature\ShopControllerTest" classname="Omersia.Core.Tests.Feature.ShopControllerTest" assertions="2" time="0.062476"/>
    <testcase name="it_validates_name_max_length" file="/var/www/html/packages/Core/tests/Feature/ShopControllerTest.php" line="126" class="Omersia\Core\Tests\Feature\ShopControllerTest" classname="Omersia.Core.Tests.Feature.ShopControllerTest" assertions="2" time="0.071116"/>
    <testcase name="it_validates_code_is_alpha_dash" file="/var/www/html/packages/Core/tests/Feature/ShopControllerTest.php" line="140" class="Omersia\Core\Tests\Feature\ShopControllerTest" classname="Omersia.Core.Tests.Feature.ShopControllerTest" assertions="2" time="0.059559"/>
    <testcase name="it_accepts_valid_alpha_dash_code" file="/var/www/html/packages/Core/tests/Feature/ShopControllerTest.php" line="154" class="Omersia\Core\Tests\Feature\ShopControllerTest" classname="Omersia.Core.Tests.Feature.ShopControllerTest" assertions="3" time="0.035961"/>
    <testcase name="it_validates_code_max_length" file="/var/www/html/packages/Core/tests/Feature/ShopControllerTest.php" line="169" class="Omersia\Core\Tests\Feature\ShopControllerTest" classname="Omersia.Core.Tests.Feature.ShopControllerTest" assertions="2" time="0.035831"/>
    <testcase name="it_validates_domain_is_required" file="/var/www/html/packages/Core/tests/Feature/ShopControllerTest.php" line="183" class="Omersia\Core\Tests\Feature\ShopControllerTest" classname="Omersia.Core.Tests.Feature.ShopControllerTest" assertions="2" time="0.031479"/>
    <testcase name="it_validates_domain_max_length" file="/var/www/html/packages/Core/tests/Feature/ShopControllerTest.php" line="196" class="Omersia\Core\Tests\Feature\ShopControllerTest" classname="Omersia.Core.Tests.Feature.ShopControllerTest" assertions="2" time="0.031635"/>
    <testcase name="it_prevents_creating_second_shop" file="/var/www/html/packages/Core/tests/Feature/ShopControllerTest.php" line="210" class="Omersia\Core\Tests\Feature\ShopControllerTest" classname="Omersia.Core.Tests.Feature.ShopControllerTest" assertions="3" time="0.035877"/>
    <testcase name="it_sets_default_locale_to_french" file="/var/www/html/packages/Core/tests/Feature/ShopControllerTest.php" line="226" class="Omersia\Core\Tests\Feature\ShopControllerTest" classname="Omersia.Core.Tests.Feature.ShopControllerTest" assertions="1" time="0.036730"/>
  </testsuite>
</testsuites>
